src/api/auth.ts(69,7): error TS2353: Object literal may only specify known properties, and 'responseType' does not exist in type '{ method?: "POST" | "PUT" | "DELETE" | "GET" | "PATCH" | undefined; headers?: Record<string, string> | undefined; body?: any; signal?: AbortSignal | undefined; }'.
src/api/backup.ts(78,7): error TS2353: Object literal may only specify known properties, and 'params' does not exist in type '{ method?: "POST" | "PUT" | "DELETE" | "GET" | "PATCH" | undefined; headers?: Record<string, string> | undefined; body?: any; signal?: AbortSignal | undefined; }'.
src/api/backup.ts(126,7): error TS2353: Object literal may only specify known properties, and 'params' does not exist in type '{ method?: "POST" | "PUT" | "DELETE" | "GET" | "PATCH" | undefined; headers?: Record<string, string> | undefined; body?: any; signal?: AbortSignal | undefined; }'.
src/api/client.ts(1,1): error TS6133: 'routeManager' is declared but its value is never read.
src/api/client.ts(38,47): error TS2339: Property 'VITE_API_BASE_URL' does not exist on type 'ImportMetaEnv'.
src/api/client.ts(428,17): error TS6133: 'connectionId' is declared but its value is never read.
src/api/data-flow-manager.ts(2,1): error TS6133: 'HealthChecker' is declared but its value is never read.
src/api/data-flow-manager.ts(3,1): error TS6133: 'PerformanceMonitor' is declared but its value is never read.
src/api/data-flow-manager.ts(6,1): error TS6133: 'ConnectionManager' is declared but its value is never read.
src/api/data-flow-manager.ts(7,1): error TS6133: 'QueryOptimizer' is declared but its value is never read.
src/api/data-flow-manager.ts(8,1): error TS6133: 'FileOperator' is declared but its value is never read.
src/api/data-flow-manager.ts(9,1): error TS6133: 'VersionController' is declared but its value is never read.
src/api/data-flow-manager.ts(42,11): error TS6133: 'dataCollector' is declared but its value is never read.
src/api/data-flow-manager.ts(223,81): error TS2339: Property 'getPerformanceMetrics' does not exist on type 'PerformanceMonitor'.
src/api/data-flow-manager.ts(241,52): error TS2551: Property 'getConnectionStatus' does not exist on type 'ConnectionManager'. Did you mean 'getConnection'?
src/api/data-flow-manager.ts(242,49): error TS2339: Property 'getQueryMetrics' does not exist on type 'QueryOptimizer'.
src/api/data-flow-manager.ts(262,47): error TS2339: Property 'getFileOperations' does not exist on type 'FileOperator'.
src/api/data-flow-manager.ts(263,52): error TS2554: Expected 1 arguments, but got 0.
src/api/data-flow-manager.ts(335,30): error TS2339: Property 'addWidget' does not exist on type 'VisualizationEngine'.
src/api/data-flow-manager.ts(608,31): error TS2339: Property 'VITE_API_BASE_URL' does not exist on type 'ImportMetaEnv'.
src/api/data-flow-manager.ts(609,33): error TS2339: Property 'VITE_WS_URL' does not exist on type 'ImportMetaEnv'.
src/api/db.ts(45,7): error TS2353: Object literal may only specify known properties, and 'params' does not exist in type '{ method?: "POST" | "PUT" | "DELETE" | "GET" | "PATCH" | undefined; headers?: Record<string, string> | undefined; body?: any; signal?: AbortSignal | undefined; }'.
src/api/db.ts(52,7): error TS2353: Object literal may only specify known properties, and 'params' does not exist in type '{ method?: "POST" | "PUT" | "DELETE" | "GET" | "PATCH" | undefined; headers?: Record<string, string> | undefined; body?: any; signal?: AbortSignal | undefined; }'.
src/api/db.ts(59,7): error TS2353: Object literal may only specify known properties, and 'params' does not exist in type '{ method?: "POST" | "PUT" | "DELETE" | "GET" | "PATCH" | undefined; headers?: Record<string, string> | undefined; body?: any; signal?: AbortSignal | undefined; }'.
src/api/db.ts(80,7): error TS2353: Object literal may only specify known properties, and 'responseType' does not exist in type '{ method?: "POST" | "PUT" | "DELETE" | "GET" | "PATCH" | undefined; headers?: Record<string, string> | undefined; body?: any; signal?: AbortSignal | undefined; }'.
src/api/diskAnalysis.ts(7,7): error TS2353: Object literal may only specify known properties, and 'params' does not exist in type '{ method?: "POST" | "PUT" | "DELETE" | "GET" | "PATCH" | undefined; headers?: Record<string, string> | undefined; body?: any; signal?: AbortSignal | undefined; }'.
src/api/diskAnalysis.ts(12,7): error TS2353: Object literal may only specify known properties, and 'params' does not exist in type '{ method?: "POST" | "PUT" | "DELETE" | "GET" | "PATCH" | undefined; headers?: Record<string, string> | undefined; body?: any; signal?: AbortSignal | undefined; }'.
src/api/errorLog.ts(7,7): error TS2353: Object literal may only specify known properties, and 'params' does not exist in type '{ method?: "POST" | "PUT" | "DELETE" | "GET" | "PATCH" | undefined; headers?: Record<string, string> | undefined; body?: any; signal?: AbortSignal | undefined; }'.
src/api/files.ts(42,7): error TS2353: Object literal may only specify known properties, and 'params' does not exist in type '{ method?: "POST" | "PUT" | "DELETE" | "GET" | "PATCH" | undefined; headers?: Record<string, string> | undefined; body?: any; signal?: AbortSignal | undefined; }'.
src/api/files.ts(49,7): error TS2353: Object literal may only specify known properties, and 'params' does not exist in type '{ method?: "POST" | "PUT" | "DELETE" | "GET" | "PATCH" | undefined; headers?: Record<string, string> | undefined; body?: any; signal?: AbortSignal | undefined; }'.
src/api/files.ts(57,7): error TS2353: Object literal may only specify known properties, and 'params' does not exist in type '{ method?: "POST" | "PUT" | "DELETE" | "GET" | "PATCH" | undefined; headers?: Record<string, string> | undefined; body?: any; signal?: AbortSignal | undefined; }'.
src/api/files.ts(157,31): error TS2345: Argument of type 'string' is not assignable to parameter of type 'number'.
src/api/files.ts(166,15): error TS2345: Argument of type 'string' is not assignable to parameter of type 'number'.
src/api/files.ts(176,15): error TS2345: Argument of type 'string' is not assignable to parameter of type 'number'.
src/api/files.ts(184,31): error TS2345: Argument of type 'string' is not assignable to parameter of type 'number'.
src/api/files.ts(190,15): error TS2345: Argument of type 'string' is not assignable to parameter of type 'number'.
src/api/files.ts(200,15): error TS2345: Argument of type 'string' is not assignable to parameter of type 'number'.
src/api/files.ts(211,29): error TS2345: Argument of type 'string' is not assignable to parameter of type 'number'.
src/api/files.ts(214,29): error TS2345: Argument of type 'string' is not assignable to parameter of type 'number'.
src/api/files.ts(217,29): error TS2345: Argument of type 'string' is not assignable to parameter of type 'number'.
src/api/files.ts(242,7): error TS2353: Object literal may only specify known properties, and 'params' does not exist in type '{ method?: "POST" | "PUT" | "DELETE" | "GET" | "PATCH" | undefined; headers?: Record<string, string> | undefined; body?: any; signal?: AbortSignal | undefined; }'.
src/api/files.ts(278,7): error TS2353: Object literal may only specify known properties, and 'params' does not exist in type '{ method?: "POST" | "PUT" | "DELETE" | "GET" | "PATCH" | undefined; headers?: Record<string, string> | undefined; body?: any; signal?: AbortSignal | undefined; }'.
src/api/ftp.ts(69,7): error TS2353: Object literal may only specify known properties, and 'responseType' does not exist in type '{ method?: "POST" | "PUT" | "DELETE" | "GET" | "PATCH" | undefined; headers?: Record<string, string> | undefined; body?: any; signal?: AbortSignal | undefined; }'.
src/api/index.ts(15,3): error TS2305: Module '"./integration"' has no exported member 'APIRoute'.
src/api/index.ts(16,3): error TS2305: Module '"./integration"' has no exported member 'APIResponse'.
src/api/index.ts(17,3): error TS2305: Module '"./integration"' has no exported member 'WebSocketMessage'.
src/api/index.ts(18,3): error TS2305: Module '"./integration"' has no exported member 'APIRequestOptions'.
src/api/index.ts(19,3): error TS2305: Module '"./integration"' has no exported member 'DataPoint'.
src/api/index.ts(20,3): error TS2305: Module '"./integration"' has no exported member 'DataTransform'.
src/api/index.ts(21,3): error TS2305: Module '"./integration"' has no exported member 'DataRoute'.
src/api/index.ts(139,19): error TS2339: Property 'disableDataFlow' does not exist on type 'DataFlowManager'.
src/api/index.ts(357,68): error TS2304: Cannot find name 'APIResponse'.
src/api/index.ts(360,61): error TS2551: Property 'executeRequestInterceptor' does not exist on type 'APIInterceptorManager'. Did you mean 'executeRequestInterceptors'?
src/api/index.ts(366,62): error TS2551: Property 'executeResponseInterceptor' does not exist on type 'APIInterceptorManager'. Did you mean 'executeResponseInterceptors'?
src/api/index.ts(371,59): error TS2551: Property 'executeErrorInterceptor' does not exist on type 'APIInterceptorManager'. Did you mean 'executeErrorInterceptors'?
src/api/integration.ts(33,11): error TS6133: 'dataCollector' is declared but its value is never read.
src/api/integration.ts(54,26): error TS2554: Expected 1 arguments, but got 0.
src/api/integration.ts(226,35): error TS6133: 'data' is declared but its value is never read.
src/api/integration.ts(230,30): error TS2339: Property 'addWidget' does not exist on type 'VisualizationEngine'.
src/api/integration.ts(238,40): error TS6133: 'data' is declared but its value is never read.
src/api/integration.ts(239,59): error TS2339: Property 'getPerformanceMetrics' does not exist on type 'PerformanceMonitor'.
src/api/integration.ts(242,30): error TS2339: Property 'addWidget' does not exist on type 'VisualizationEngine'.
src/api/integration.ts(250,37): error TS6133: 'data' is declared but its value is never read.
src/api/integration.ts(251,57): error TS2551: Property 'getConnectionStatus' does not exist on type 'ConnectionManager'. Did you mean 'getConnection'?
src/api/integration.ts(252,49): error TS2339: Property 'getQueryMetrics' does not exist on type 'QueryOptimizer'.
src/api/integration.ts(255,30): error TS2339: Property 'addWidget' does not exist on type 'VisualizationEngine'.
src/api/integration.ts(263,33): error TS6133: 'data' is declared but its value is never read.
src/api/integration.ts(264,46): error TS2339: Property 'getFileOperations' does not exist on type 'FileOperator'.
src/api/integration.ts(265,54): error TS2554: Expected 1 arguments, but got 0.
src/api/integration.ts(268,30): error TS2339: Property 'addWidget' does not exist on type 'VisualizationEngine'.
src/api/integration.ts(295,48): error TS2339: Property 'getPerformanceMetrics' does not exist on type 'PerformanceMonitor'.
src/api/integration.ts(299,55): error TS2551: Property 'getConnectionStatus' does not exist on type 'ConnectionManager'. Did you mean 'getConnection'?
src/api/integration.ts(300,48): error TS2339: Property 'getQueryMetrics' does not exist on type 'QueryOptimizer'.
src/api/integration.ts(305,49): error TS2339: Property 'getFileOperations' does not exist on type 'FileOperator'.
src/api/integration.ts(306,52): error TS2554: Expected 1 arguments, but got 0.
src/api/integration.ts(319,32): error TS2339: Property 'addWidget' does not exist on type 'VisualizationEngine'.
src/api/integration.ts(363,31): error TS2339: Property 'getPerformanceMetrics' does not exist on type 'PerformanceMonitor'.
src/api/integration.ts(364,30): error TS2551: Property 'getConnectionStatus' does not exist on type 'ConnectionManager'. Did you mean 'getConnection'?
src/api/integration.ts(365,25): error TS2339: Property 'getFileOperations' does not exist on type 'FileOperator'.
src/api/integration.ts(383,52): error TS2339: Property 'getRecommendations' does not exist on type 'CoreService'.
src/api/integration.ts(432,28): error TS2339: Property 'shutdown' does not exist on type 'CoreService'.
src/api/integration.ts(440,31): error TS2339: Property 'VITE_API_BASE_URL' does not exist on type 'ImportMetaEnv'.
src/api/integration.ts(441,33): error TS2339: Property 'VITE_WS_URL' does not exist on type 'ImportMetaEnv'.
src/api/notifications.ts(86,7): error TS2353: Object literal may only specify known properties, and 'params' does not exist in type '{ method?: "POST" | "PUT" | "DELETE" | "GET" | "PATCH" | undefined; headers?: Record<string, string> | undefined; body?: any; signal?: AbortSignal | undefined; }'.
src/api/operationLog.ts(26,7): error TS2353: Object literal may only specify known properties, and 'params' does not exist in type '{ method?: "POST" | "PUT" | "DELETE" | "GET" | "PATCH" | undefined; headers?: Record<string, string> | undefined; body?: any; signal?: AbortSignal | undefined; }'.
src/api/operationLog.ts(47,7): error TS2353: Object literal may only specify known properties, and 'responseType' does not exist in type '{ method?: "POST" | "PUT" | "DELETE" | "GET" | "PATCH" | undefined; headers?: Record<string, string> | undefined; body?: any; signal?: AbortSignal | undefined; }'.
src/api/phpinfo.ts(17,7): error TS2353: Object literal may only specify known properties, and 'params' does not exist in type '{ method?: "POST" | "PUT" | "DELETE" | "GET" | "PATCH" | undefined; headers?: Record<string, string> | undefined; body?: any; signal?: AbortSignal | undefined; }'.
src/api/route-manager.ts(3,1): error TS6133: 'HealthChecker' is declared but its value is never read.
src/api/route-manager.ts(4,1): error TS6133: 'PerformanceMonitor' is declared but its value is never read.
src/api/route-manager.ts(5,1): error TS6133: 'ConnectionManager' is declared but its value is never read.
src/api/route-manager.ts(6,1): error TS6133: 'QueryOptimizer' is declared but its value is never read.
src/api/route-manager.ts(7,1): error TS6133: 'FileOperator' is declared but its value is never read.
src/api/route-manager.ts(8,1): error TS6133: 'VersionController' is declared but its value is never read.
src/api/route-manager.ts(37,35): error TS2339: Property 'VITE_API_BASE_URL' does not exist on type 'ImportMetaEnv'.
src/api/route-manager.ts(38,37): error TS2339: Property 'VITE_WS_URL' does not exist on type 'ImportMetaEnv'.
src/api/route-manager.ts(47,35): error TS2339: Property 'VITE_API_BASE_URL' does not exist on type 'ImportMetaEnv'.
src/api/route-manager.ts(48,37): error TS2339: Property 'VITE_WS_URL' does not exist on type 'ImportMetaEnv'.
src/api/route-manager.ts(247,7): error TS2322: Type '"WS"' is not assignable to type '"POST" | "PUT" | "DELETE" | "GET" | "PATCH"'.
src/api/route-manager.ts(248,7): error TS2322: Type '(ws: WebSocket, request: any) => void' is not assignable to type '(request: any, response: any) => Promise<any>'.
  Type 'void' is not assignable to type 'Promise<any>'.
src/api/route-manager.ts(255,7): error TS2322: Type '"WS"' is not assignable to type '"POST" | "PUT" | "DELETE" | "GET" | "PATCH"'.
src/api/route-manager.ts(256,7): error TS2322: Type '(ws: WebSocket, request: any) => void' is not assignable to type '(request: any, response: any) => Promise<any>'.
  Type 'void' is not assignable to type 'Promise<any>'.
src/api/route-manager.ts(263,7): error TS2322: Type '"WS"' is not assignable to type '"POST" | "PUT" | "DELETE" | "GET" | "PATCH"'.
src/api/route-manager.ts(264,7): error TS2322: Type '(ws: WebSocket, request: any) => void' is not assignable to type '(request: any, response: any) => Promise<any>'.
  Type 'void' is not assignable to type 'Promise<any>'.
src/api/route-manager.ts(271,7): error TS2322: Type '"WS"' is not assignable to type '"POST" | "PUT" | "DELETE" | "GET" | "PATCH"'.
src/api/route-manager.ts(272,7): error TS2322: Type '(ws: WebSocket, request: any) => void' is not assignable to type '(request: any, response: any) => Promise<any>'.
  Type 'void' is not assignable to type 'Promise<any>'.
src/api/route-manager.ts(292,11): error TS6133: 'startTime' is declared but its value is never read.
src/api/route-manager.ts(305,38): error TS2367: This comparison appears to be unintentional because the types '"POST" | "PUT" | "DELETE" | "GET" | "PATCH"' and '"WS"' have no overlap.
src/api/route-manager.ts(356,38): error TS6133: 'request' is declared but its value is never read.
src/api/route-manager.ts(361,36): error TS6133: 'request' is declared but its value is never read.
src/api/route-manager.ts(366,36): error TS6133: 'request' is declared but its value is never read.
src/api/route-manager.ts(369,26): error TS2339: Property 'checks' does not exist on type 'HealthStatus'.
src/api/route-manager.ts(370,32): error TS2339: Property 'overallScore' does not exist on type 'HealthStatus'.
src/api/route-manager.ts(376,37): error TS6133: 'request' is declared but its value is never read.
src/api/route-manager.ts(381,42): error TS6133: 'request' is declared but its value is never read.
src/api/route-manager.ts(382,77): error TS2339: Property 'getPerformanceMetrics' does not exist on type 'PerformanceMonitor'.
src/api/route-manager.ts(386,42): error TS6133: 'request' is declared but its value is never read.
src/api/route-manager.ts(391,44): error TS6133: 'request' is declared but its value is never read.
src/api/route-manager.ts(392,77): error TS2339: Property 'getPerformanceMetrics' does not exist on type 'PerformanceMonitor'.
src/api/route-manager.ts(397,43): error TS6133: 'request' is declared but its value is never read.
src/api/route-manager.ts(398,75): error TS2551: Property 'getConnectionStatus' does not exist on type 'ConnectionManager'. Did you mean 'getConnection'?
src/api/route-manager.ts(402,39): error TS6133: 'request' is declared but its value is never read.
src/api/route-manager.ts(403,67): error TS2339: Property 'getQueryMetrics' does not exist on type 'QueryOptimizer'.
src/api/route-manager.ts(413,66): error TS2551: Property 'analyzeQuery' does not exist on type 'QueryOptimizer'. Did you mean 'analyzeQueryPlan'?
src/api/route-manager.ts(427,38): error TS6133: 'request' is declared but its value is never read.
src/api/route-manager.ts(428,64): error TS2339: Property 'getFileOperations' does not exist on type 'FileOperator'.
src/api/route-manager.ts(432,36): error TS6133: 'request' is declared but its value is never read.
src/api/route-manager.ts(433,72): error TS2554: Expected 1 arguments, but got 0.
src/api/route-manager.ts(437,44): error TS6133: 'request' is declared but its value is never read.
src/api/route-manager.ts(442,36): error TS6133: 'request' is declared but its value is never read.
src/api/route-manager.ts(466,11): error TS6133: 'id' is declared but its value is never read.
src/api/route-manager.ts(493,40): error TS6133: 'request' is declared but its value is never read.
src/api/route-manager.ts(498,40): error TS6133: 'request' is declared but its value is never read.
src/api/route-manager.ts(503,39): error TS6133: 'request' is declared but its value is never read.
src/api/route-manager.ts(509,48): error TS6133: 'request' is declared but its value is never read.
src/api/route-manager.ts(521,53): error TS6133: 'request' is declared but its value is never read.
src/api/route-manager.ts(533,50): error TS6133: 'request' is declared but its value is never read.
src/api/route-manager.ts(545,47): error TS6133: 'request' is declared but its value is never read.
src/api/ssl.ts(60,7): error TS2353: Object literal may only specify known properties, and 'responseType' does not exist in type '{ method?: "POST" | "PUT" | "DELETE" | "GET" | "PATCH" | undefined; headers?: Record<string, string> | undefined; body?: any; signal?: AbortSignal | undefined; }'.
src/components/dataflow/DataFlowManager.tsx(15,3): error TS6133: 'ToggleLeft' is declared but its value is never read.
src/components/dataflow/DataFlowManager.tsx(16,3): error TS6133: 'ToggleRight' is declared but its value is never read.
src/components/dataflow/DataFlowManager.tsx(17,3): error TS6133: 'AlertCircle' is declared but its value is never read.
src/components/dataflow/DataFlowManager.tsx(18,3): error TS6133: 'CheckCircle' is declared but its value is never read.
src/components/dataflow/DataFlowManager.tsx(63,9): error TS6133: 't' is declared but its value is never read.
src/components/dataflow/DataFlowManager.tsx(79,12): error TS2322: Type '{ children: Element; isOpen: boolean; onClose: () => void; title: string; }' is not assignable to type 'IntrinsicAttributes & ModalProps'.
  Property 'isOpen' does not exist on type 'IntrinsicAttributes & ModalProps'. Did you mean 'open'?
src/components/dataflow/DataFlowManager.tsx(158,9): error TS6133: 't' is declared but its value is never read.
src/components/dataflow/DataFlowManager.tsx(182,12): error TS2322: Type '{ children: Element; isOpen: boolean; onClose: () => void; title: string; }' is not assignable to type 'IntrinsicAttributes & ModalProps'.
  Property 'isOpen' does not exist on type 'IntrinsicAttributes & ModalProps'. Did you mean 'open'?
src/components/dataflow/DataFlowManager.tsx(254,9): error TS6133: 't' is declared but its value is never read.
src/components/dataflow/DataFlowManager.tsx(487,22): error TS2304: Cannot find name 'Skeleton'.
src/components/dataflow/DataFlowManager.tsx(489,24): error TS2304: Cannot find name 'Skeleton'.
src/components/dataflow/DataFlowManager.tsx(490,24): error TS2304: Cannot find name 'Skeleton'.
src/components/dataflow/DataFlowManager.tsx(493,20): error TS2304: Cannot find name 'Skeleton'.
src/components/dataflow/DataFlowManager.tsx(527,28): error TS2322: Type '"success" | "secondary"' is not assignable to type '"warning" | "danger" | "success" | "accent" | "muted" | undefined'.
  Type '"secondary"' is not assignable to type '"warning" | "danger" | "success" | "accent" | "muted" | undefined'.
src/components/diagnostics/SystemDiagnostics.tsx(13,3): error TS6133: 'Wifi' is declared but its value is never read.
src/components/diagnostics/SystemDiagnostics.tsx(16,3): error TS6133: 'HardDrive' is declared but its value is never read.
src/components/diagnostics/SystemDiagnostics.tsx(17,3): error TS6133: 'MemoryStick' is declared but its value is never read.
src/components/diagnostics/SystemDiagnostics.tsx(27,3): error TS6133: 'getHealthStatus' is declared but its value is never read.
src/components/diagnostics/SystemDiagnostics.tsx(28,3): error TS6133: 'getPerformanceMetrics' is declared but its value is never read.
src/components/diagnostics/SystemDiagnostics.tsx(29,3): error TS6133: 'getDatabaseConnections' is declared but its value is never read.
src/components/diagnostics/SystemDiagnostics.tsx(30,3): error TS6133: 'getFileOperations' is declared but its value is never read.
src/components/diagnostics/SystemDiagnostics.tsx(66,11): error TS6196: 'DiagnosticHistory' is declared but never used.
src/components/diagnostics/SystemDiagnostics.tsx(75,9): error TS6133: 't' is declared but its value is never read.
src/components/diagnostics/SystemDiagnostics.tsx(80,10): error TS6133: 'isHistoryModalOpen' is declared but its value is never read.
src/components/diagnostics/SystemDiagnostics.tsx(80,30): error TS6133: 'setIsHistoryModalOpen' is declared but its value is never read.
src/components/diagnostics/SystemDiagnostics.tsx(90,34): error TS6133: 'isLoadingRecommendations' is declared but its value is never read.
src/components/diagnostics/SystemDiagnostics.tsx(436,41): error TS2322: Type '"outline"' is not assignable to type 'Variant | undefined'.
src/components/diagnostics/SystemDiagnostics.tsx(450,9): error TS2322: Type '{ children: any; isOpen: boolean; onClose: () => void; title: string; }' is not assignable to type 'IntrinsicAttributes & ModalProps'.
  Property 'isOpen' does not exist on type 'IntrinsicAttributes & ModalProps'. Did you mean 'open'?
src/components/monitoring/PerformanceChart.tsx(14,3): error TS6133: 'BarChart' is declared but its value is never read.
src/components/monitoring/PerformanceChart.tsx(15,3): error TS6133: 'Bar' is declared but its value is never read.
src/components/monitoring/PerformanceChart.tsx(20,1): error TS6133: 'Skeleton' is declared but its value is never read.
src/components/monitoring/PerformanceChart.tsx(38,11): error TS6196: 'HealthData' is declared but never used.
src/components/monitoring/PerformanceChart.tsx(53,9): error TS6133: 't' is declared but its value is never read.
src/components/monitoring/PerformanceChart.tsx(55,21): error TS6133: 'setChartType' is declared but its value is never read.
src/components/monitoring/PerformanceChart.tsx(68,9): error TS6133: 'healthData' is declared but its value is never read.
src/components/monitoring/PerformanceChart.tsx(303,18): error TS2304: Cannot find name 'Spinner'.
src/components/monitoring/PerformanceChart.tsx(313,18): error TS2304: Cannot find name 'Spinner'.
src/components/monitoring/PerformanceChart.tsx(330,21): error TS2769: No overload matches this call.
  Overload 1 of 2, '(props: Props): YAxis', gave the following error.
    Type '(value: number, name: string) => string' is not assignable to type '(value: any, index: number) => string'.
      Types of parameters 'name' and 'index' are incompatible.
        Type 'number' is not assignable to type 'string'.
  Overload 2 of 2, '(props: Props, context: any): YAxis', gave the following error.
    Type '(value: number, name: string) => string' is not assignable to type '(value: any, index: number) => string'.
      Types of parameters 'name' and 'index' are incompatible.
        Type 'number' is not assignable to type 'string'.
src/components/monitoring/PerformanceChart.tsx(385,21): error TS2769: No overload matches this call.
  Overload 1 of 2, '(props: Props): YAxis', gave the following error.
    Type '(value: number, name: string) => string' is not assignable to type '(value: any, index: number) => string'.
      Types of parameters 'name' and 'index' are incompatible.
        Type 'number' is not assignable to type 'string'.
  Overload 2 of 2, '(props: Props, context: any): YAxis', gave the following error.
    Type '(value: number, name: string) => string' is not assignable to type '(value: any, index: number) => string'.
      Types of parameters 'name' and 'index' are incompatible.
        Type 'number' is not assignable to type 'string'.
src/components/monitoring/RealTimeMonitor.tsx(21,3): error TS6133: 'getSystemOverview' is declared but its value is never read.
src/components/monitoring/RealTimeMonitor.tsx(30,11): error TS6196: 'HealthStatus' is declared but never used.
src/components/monitoring/RealTimeMonitor.tsx(41,11): error TS6196: 'PerformanceMetrics' is declared but never used.
src/components/monitoring/RealTimeMonitor.tsx(51,11): error TS6196: 'DatabaseStatus' is declared but never used.
src/components/monitoring/RealTimeMonitor.tsx(60,9): error TS6133: 't' is declared but its value is never read.
src/components/monitoring/RealTimeMonitor.tsx(120,9): error TS6133: 'getStatusColor' is declared but its value is never read.
src/components/monitoring/RealTimeMonitor.tsx(323,45): error TS7006: Parameter 'check' implicitly has an 'any' type.
src/components/monitoring/RealTimeMonitor.tsx(323,52): error TS7006: Parameter 'index' implicitly has an 'any' type.
src/components/monitoring/RealTimeMonitor.tsx(499,48): error TS7006: Parameter 'conn' implicitly has an 'any' type.
src/components/monitoring/RealTimeMonitor.tsx(513,42): error TS7006: Parameter 'connection' implicitly has an 'any' type.
src/components/monitoring/RealTimeMonitor.tsx(513,54): error TS7006: Parameter 'index' implicitly has an 'any' type.
src/components/performance/PerformanceMonitor.tsx(6,8): error TS6133: 'React' is declared but its value is never read.
src/components/performance/PerformanceMonitor.tsx(6,27): error TS6133: 'useEffect' is declared but its value is never read.
src/components/performance/PerformanceMonitor.tsx(12,1): error TS6192: All imports in import declaration are unused.
src/components/performance/PerformanceMonitor.tsx(13,94): error TS6133: 'AreaChart' is declared but its value is never read.
src/components/performance/PerformanceMonitor.tsx(13,105): error TS6133: 'Area' is declared but its value is never read.
src/components/performance/PerformanceMonitor.tsx(13,111): error TS6133: 'BarChart' is declared but its value is never read.
src/components/performance/PerformanceMonitor.tsx(13,121): error TS6133: 'Bar' is declared but its value is never read.
src/components/performance/PerformanceMonitor.tsx(58,10): error TS6133: 'optimizationStatus' is declared but its value is never read.
src/components/performance/PerformanceMonitor.tsx(58,30): error TS6133: 'setOptimizationStatus' is declared but its value is never read.
src/components/performance/PerformanceMonitor.tsx(67,45): error TS6133: 'isLoadingMetrics' is declared but its value is never read.
src/components/performance/PerformanceMonitor.tsx(94,41): error TS6133: 'isLoadingTests' is declared but its value is never read.
src/components/performance/PerformanceMonitor.tsx(112,43): error TS6133: 'isLoadingOptimizations' is declared but its value is never read.
src/components/performance/PerformanceMonitor.tsx(170,9): error TS6133: 'getStatusColor' is declared but its value is never read.
src/components/performance/PerformanceMonitor.tsx(209,9): error TS6133: 'calculatePerformanceScore' is declared but its value is never read.
src/components/performance/PerformanceMonitor.tsx(230,13): error TS2322: Type '"outline"' is not assignable to type 'Variant | undefined'.
src/components/performance/PerformanceMonitor.tsx(234,19): error TS2322: Type '"outline"' is not assignable to type 'Variant | undefined'.
src/components/performance/PerformanceMonitor.tsx(408,28): error TS2322: Type '"default" | "destructive"' is not assignable to type '"warning" | "danger" | "success" | "accent" | "muted" | undefined'.
  Type '"default"' is not assignable to type '"warning" | "danger" | "success" | "accent" | "muted" | undefined'.
src/components/performance/PerformanceMonitor.tsx(419,36): error TS2322: Type '"secondary" | "default"' is not assignable to type '"warning" | "danger" | "success" | "accent" | "muted" | undefined'.
  Type '"secondary"' is not assignable to type '"warning" | "danger" | "success" | "accent" | "muted" | undefined'.
src/components/performance/PerformanceMonitor.tsx(455,34): error TS2322: Type '"secondary" | "default"' is not assignable to type '"warning" | "danger" | "success" | "accent" | "muted" | undefined'.
  Type '"secondary"' is not assignable to type '"warning" | "danger" | "success" | "accent" | "muted" | undefined'.
src/components/performance/PerformanceMonitor.tsx(464,32): error TS2339: Property 'startTime' does not exist on type '{ id: string; name: string; type: string; status: string; progress: number; }'.
src/components/performance/PerformanceMonitor.tsx(465,44): error TS2339: Property 'startTime' does not exist on type '{ id: string; name: string; type: string; status: string; progress: number; }'.
src/components/performance/PerformanceMonitor.tsx(489,28): error TS2322: Type '"default" | "destructive"' is not assignable to type '"warning" | "danger" | "success" | "accent" | "muted" | undefined'.
  Type '"default"' is not assignable to type '"warning" | "danger" | "success" | "accent" | "muted" | undefined'.
src/components/trash/TrashModal.tsx(68,50): error TS2339: Property 'code' does not exist on type 'ApiError'.
src/components/ui/Alert.tsx(1,31): error TS6196: 'ReactNode' is declared but never used.
src/components/ui/Tabs.tsx(1,37): error TS6133: 'useState' is declared but its value is never read.
src/core/index.ts(3,1): error TS2308: Module './types' has already exported a member named 'Anomaly'. Consider explicitly re-exporting to resolve the ambiguity.
src/core/index.ts(3,1): error TS2308: Module './types' has already exported a member named 'DashboardWidget'. Consider explicitly re-exporting to resolve the ambiguity.
src/core/index.ts(3,1): error TS2308: Module './types' has already exported a member named 'OptimizedQuery'. Consider explicitly re-exporting to resolve the ambiguity.
src/core/index.ts(3,1): error TS2308: Module './types' has already exported a member named 'PerformanceMetrics'. Consider explicitly re-exporting to resolve the ambiguity.
src/core/index.ts(3,1): error TS2308: Module './types' has already exported a member named 'WidgetConfig'. Consider explicitly re-exporting to resolve the ambiguity.
src/core/interfaces.ts(1,39): error TS6133: 'Alert' is declared but its value is never read.
src/core/interfaces.ts(40,52): error TS2304: Cannot find name 'TimeSeriesData'.
src/core/interfaces.ts(41,25): error TS2304: Cannot find name 'TimeSeriesData'.
src/core/interfaces.ts(55,23): error TS2304: Cannot find name 'DatabaseConnection'.
src/core/interfaces.ts(56,40): error TS2304: Cannot find name 'QueryResult'.
src/core/interfaces.ts(64,36): error TS2304: Cannot find name 'FileInfo'.
src/core/interfaces.ts(70,39): error TS2304: Cannot find name 'FileInfo'.
src/core/interfaces.ts(71,44): error TS2304: Cannot find name 'VersionControl'.
src/core/interfaces.ts(124,8): error TS2304: Cannot find name 'CPUMetrics'.
src/core/interfaces.ts(125,11): error TS2304: Cannot find name 'MemoryMetrics'.
src/core/interfaces.ts(126,9): error TS2304: Cannot find name 'DiskMetrics'.
src/core/interfaces.ts(127,12): error TS2304: Cannot find name 'NetworkMetrics'.
src/core/interfaces.ts(128,17): error TS2304: Cannot find name 'ResponseTimeMetrics'.
src/core/services.ts(87,53): error TS2339: Property 'startTime' does not exist on type 'Process'.
src/core/services.ts(113,5): error TS6133: 'metrics' is declared but its value is never read.
src/core/services.ts(119,11): error TS6133: 'highPriorityRecommendations' is declared but its value is never read.
src/database/backup-manager.ts(23,38): error TS6133: 'config' is declared but its value is never read.
src/database/cache-layer.ts(23,11): error TS6133: 'strategy' is declared but its value is never read.
src/database/connection-manager.ts(104,37): error TS7006: Parameter 'field' implicitly has an 'any' type.
src/database/connection-manager.ts(161,7): error TS2322: Type 'number | undefined' is not assignable to type 'number'.
  Type 'undefined' is not assignable to type 'number'.
src/database/connection-manager.ts(239,13): error TS2322: Type 'number | undefined' is not assignable to type 'number'.
  Type 'undefined' is not assignable to type 'number'.
src/database/connection-manager.ts(247,7): error TS2353: Object literal may only specify known properties, and 'timestamp' does not exist in type 'ConnectionHealthReport'.
src/database/connection-manager.ts(276,17): error TS6133: 'connectionId' is declared but its value is never read.
src/database/index.ts(9,1): error TS2308: Module '../core/types' has already exported a member named 'Anomaly'. Consider explicitly re-exporting to resolve the ambiguity.
src/database/index.ts(9,1): error TS2308: Module '../core/types' has already exported a member named 'DashboardWidget'. Consider explicitly re-exporting to resolve the ambiguity.
src/database/index.ts(9,1): error TS2308: Module '../core/types' has already exported a member named 'OptimizedQuery'. Consider explicitly re-exporting to resolve the ambiguity.
src/database/index.ts(9,1): error TS2308: Module '../core/types' has already exported a member named 'PerformanceMetrics'. Consider explicitly re-exporting to resolve the ambiguity.
src/database/index.ts(9,1): error TS2308: Module '../core/types' has already exported a member named 'WidgetConfig'. Consider explicitly re-exporting to resolve the ambiguity.
src/database/query-optimizer.ts(122,7): error TS2322: Type 'string' is not assignable to type 'number'.
src/database/query-optimizer.ts(131,7): error TS2322: Type 'QueryResult | undefined' is not assignable to type 'QueryResult'.
  Type 'undefined' is not assignable to type 'QueryResult'.
src/database/query-optimizer.ts(141,7): error TS2353: Object literal may only specify known properties, and 'timestamp' does not exist in type 'QueryResult'.
src/database/query-optimizer.ts(154,7): error TS2322: Type 'QueryResult | undefined' is not assignable to type 'QueryPerformanceMetrics'.
  Type 'undefined' is not assignable to type 'QueryPerformanceMetrics'.
src/database/query-optimizer.ts(158,35): error TS2345: Argument of type 'QueryPerformanceMetrics' is not assignable to parameter of type 'QueryResult'.
  Type 'QueryPerformanceMetrics' is missing the following properties from type 'QueryResult': id, executionTime, rows, columns
src/database/query-optimizer.ts(166,17): error TS6133: 'cacheKey' is declared but its value is never read.
src/database/query-optimizer.ts(185,24): error TS2339: Property 'timestamp' does not exist on type 'QueryResult'.
src/database/query-optimizer.ts(191,53): error TS6133: 'params' is declared but its value is never read.
src/database/query-optimizer.ts(193,11): error TS7034: Variable 'rows' implicitly has type 'any[]' in some locations where its type cannot be determined.
src/database/query-optimizer.ts(194,11): error TS7034: Variable 'columns' implicitly has type 'any[]' in some locations where its type cannot be determined.
src/database/query-optimizer.ts(203,7): error TS7005: Variable 'rows' implicitly has an 'any[]' type.
src/database/query-optimizer.ts(204,7): error TS7005: Variable 'columns' implicitly has an 'any[]' type.
src/database/query-optimizer.ts(206,7): error TS2353: Object literal may only specify known properties, and 'timestamp' does not exist in type 'QueryResult'.
src/database/security-manager.ts(1,1): error TS6133: 'DatabaseConnection' is declared but its value is never read.
src/deployment/health-checker.ts(1,24): error TS6133: 'SystemMetrics' is declared but its value is never read.
src/deployment/health-checker.ts(39,9): error TS2322: Type 'string' is not assignable to type '"warning" | "critical" | "healthy"'.
src/deployment/health-checker.ts(144,7): error TS2322: Type 'string' is not assignable to type '"warning" | "critical" | "healthy"'.
src/deployment/index.ts(4,1): error TS2308: Module '../core/types' has already exported a member named 'Anomaly'. Consider explicitly re-exporting to resolve the ambiguity.
src/deployment/index.ts(4,1): error TS2308: Module '../core/types' has already exported a member named 'DashboardWidget'. Consider explicitly re-exporting to resolve the ambiguity.
src/deployment/index.ts(4,1): error TS2308: Module '../core/types' has already exported a member named 'OptimizedQuery'. Consider explicitly re-exporting to resolve the ambiguity.
src/deployment/index.ts(4,1): error TS2308: Module '../core/types' has already exported a member named 'PerformanceMetrics'. Consider explicitly re-exporting to resolve the ambiguity.
src/deployment/index.ts(4,1): error TS2308: Module '../core/types' has already exported a member named 'WidgetConfig'. Consider explicitly re-exporting to resolve the ambiguity.
src/deployment/performance-monitor.ts(53,9): error TS2741: Property 'rate' is missing in type '{ errors: number; total: number; }' but required in type 'ErrorRateMetrics'.
src/deployment/performance-monitor.ts(54,9): error TS2739: Type '{ cpu: any; memory: number; }' is missing the following properties from type 'ResourceUtilizationMetrics': disk, network
src/deployment/performance-monitor.ts(199,39): error TS6133: 'metric' is declared but its value is never read.
src/deployment/performance-monitor.ts(206,11): error TS6133: 'recentMetrics' is declared but its value is never read.
src/deployment/performance-monitor.ts(391,25): error TS1064: The return type of an async function or method must be the global Promise<T> type. Did you mean to write 'Promise<void>'?
src/filemanager/file-operator.ts(29,13): error TS6133: 'result' is declared but its value is never read.
src/filemanager/file-operator.ts(540,29): error TS2345: Argument of type 'string | undefined' is not assignable to parameter of type 'string'.
  Type 'undefined' is not assignable to type 'string'.
src/filemanager/file-operator.ts(574,36): error TS6133: 'path' is declared but its value is never read.
src/filemanager/file-operator.ts(574,50): error TS6133: 'content' is declared but its value is never read.
src/filemanager/file-operator.ts(574,67): error TS6133: 'options' is declared but its value is never read.
src/filemanager/file-operator.ts(579,34): error TS6133: 'path' is declared but its value is never read.
src/filemanager/file-operator.ts(579,48): error TS6133: 'options' is declared but its value is never read.
src/filemanager/file-operator.ts(585,35): error TS6133: 'path' is declared but its value is never read.
src/filemanager/file-operator.ts(585,49): error TS6133: 'content' is declared but its value is never read.
src/filemanager/file-operator.ts(585,66): error TS6133: 'options' is declared but its value is never read.
src/filemanager/file-operator.ts(590,36): error TS6133: 'path' is declared but its value is never read.
src/filemanager/file-operator.ts(590,50): error TS6133: 'options' is declared but its value is never read.
src/filemanager/file-operator.ts(595,34): error TS6133: 'source' is declared but its value is never read.
src/filemanager/file-operator.ts(595,50): error TS6133: 'destination' is declared but its value is never read.
src/filemanager/file-operator.ts(595,71): error TS6133: 'options' is declared but its value is never read.
src/filemanager/file-operator.ts(600,34): error TS6133: 'source' is declared but its value is never read.
src/filemanager/file-operator.ts(600,50): error TS6133: 'destination' is declared but its value is never read.
src/filemanager/file-operator.ts(600,71): error TS6133: 'options' is declared but its value is never read.
src/filemanager/file-operator.ts(605,25): error TS6133: 'path' is declared but its value is never read.
src/filemanager/index.ts(7,1): error TS2308: Module '../core/types' has already exported a member named 'Anomaly'. Consider explicitly re-exporting to resolve the ambiguity.
src/filemanager/index.ts(7,1): error TS2308: Module '../core/types' has already exported a member named 'DashboardWidget'. Consider explicitly re-exporting to resolve the ambiguity.
src/filemanager/index.ts(7,1): error TS2308: Module '../core/types' has already exported a member named 'OptimizedQuery'. Consider explicitly re-exporting to resolve the ambiguity.
src/filemanager/index.ts(7,1): error TS2308: Module '../core/types' has already exported a member named 'PerformanceMetrics'. Consider explicitly re-exporting to resolve the ambiguity.
src/filemanager/index.ts(7,1): error TS2308: Module '../core/types' has already exported a member named 'WidgetConfig'. Consider explicitly re-exporting to resolve the ambiguity.
src/filemanager/version-controller.ts(134,11): error TS6133: 'tagInfo' is declared but its value is never read.
src/filemanager/version-controller.ts(413,31): error TS6133: 'branchName' is declared but its value is never read.
src/filemanager/version-controller.ts(418,38): error TS6133: 'sourceBranch' is declared but its value is never read.
src/filemanager/version-controller.ts(418,60): error TS6133: 'destinationBranch' is declared but its value is never read.
src/filemanager/version-controller.ts(423,30): error TS6133: 'sourceBranch' is declared but its value is never read.
src/filemanager/version-controller.ts(423,52): error TS6133: 'destinationBranch' is declared but its value is never read.
src/filemanager/version-controller.ts(428,33): error TS6133: 'filePath' is declared but its value is never read.
src/filemanager/version-controller.ts(428,51): error TS6133: 'version' is declared but its value is never read.
src/filemanager/version-controller.ts(433,40): error TS6133: 'version' is declared but its value is never read.
src/filemanager/version-controller.ts(443,32): error TS6133: 'branchName' is declared but its value is never read.
src/filemanager/version-controller.ts(448,31): error TS6133: 'branchName' is declared but its value is never read.
src/filemanager/version-controller.ts(453,32): error TS6133: 'branchName' is declared but its value is never read.
src/filemanager/version-controller.ts(458,34): error TS6133: 'commitId' is declared but its value is never read.
src/filemanager/version-controller.ts(458,52): error TS6133: 'branchName' is declared but its value is never read.
src/monitoring/index.ts(4,1): error TS2308: Module '../core/types' has already exported a member named 'Anomaly'. Consider explicitly re-exporting to resolve the ambiguity.
src/monitoring/index.ts(4,1): error TS2308: Module '../core/types' has already exported a member named 'DashboardWidget'. Consider explicitly re-exporting to resolve the ambiguity.
src/monitoring/index.ts(4,1): error TS2308: Module '../core/types' has already exported a member named 'OptimizedQuery'. Consider explicitly re-exporting to resolve the ambiguity.
src/monitoring/index.ts(4,1): error TS2308: Module '../core/types' has already exported a member named 'PerformanceMetrics'. Consider explicitly re-exporting to resolve the ambiguity.
src/monitoring/index.ts(4,1): error TS2308: Module '../core/types' has already exported a member named 'WidgetConfig'. Consider explicitly re-exporting to resolve the ambiguity.
src/monitoring/visualization-engine.ts(1,10): error TS6133: 'RealTimeMetrics' is declared but its value is never read.
src/monitoring/visualization-engine.ts(1,44): error TS6133: 'ChartComponents' is declared but its value is never read.
src/performance/index.ts(47,5): error TS2304: Cannot find name 'PerformanceUtils'.
src/performance/index.ts(354,24): error TS2304: Cannot find name 'PerformanceTester'.
src/performance/index.ts(361,24): error TS2304: Cannot find name 'PerformanceTester'.
src/performance/index.ts(368,24): error TS2304: Cannot find name 'PerformanceTester'.
src/performance/index.ts(375,24): error TS2304: Cannot find name 'PerformanceTester'.
src/performance/index.ts(381,24): error TS2304: Cannot find name 'PerformanceTester'.
src/performance/index.ts(408,3): error TS18004: No value exists in scope for the shorthand property 'PerformanceTester'. Either declare one or provide an initializer.
src/performance/index.ts(409,3): error TS18004: No value exists in scope for the shorthand property 'PerformanceOptimizer'. Either declare one or provide an initializer.
src/performance/index.ts(410,3): error TS18004: No value exists in scope for the shorthand property 'PerformanceMonitor'. Either declare one or provide an initializer.
src/performance/index.ts(411,3): error TS18004: No value exists in scope for the shorthand property 'PerformanceUtils'. Either declare one or provide an initializer.
src/performance/index.ts(412,3): error TS18004: No value exists in scope for the shorthand property 'performanceConfigManager'. Either declare one or provide an initializer.
src/performance/index.ts(413,3): error TS18004: No value exists in scope for the shorthand property 'performanceDataCollector'. Either declare one or provide an initializer.
src/performance/index.ts(414,3): error TS18004: No value exists in scope for the shorthand property 'performanceBenchmark'. Either declare one or provide an initializer.
src/performance/index.ts(415,3): error TS18004: No value exists in scope for the shorthand property 'memoryMonitor'. Either declare one or provide an initializer.
src/performance/index.ts(416,3): error TS18004: No value exists in scope for the shorthand property 'cpuMonitor'. Either declare one or provide an initializer.
src/performance/index.ts(417,3): error TS18004: No value exists in scope for the shorthand property 'networkMonitor'. Either declare one or provide an initializer.
src/performance/index.ts(418,3): error TS18004: No value exists in scope for the shorthand property 'performanceAnalyzer'. Either declare one or provide an initializer.
src/performance/performance-optimizer.ts(6,41): error TS2305: Module '"../core/types"' has no exported member 'OptimizationConfig'.
src/performance/performance-optimizer.ts(14,11): error TS6133: 'performanceTester' is declared but its value is never read.
src/performance/performance-optimizer.ts(17,11): error TS6133: 'queryOptimizer' is declared but its value is never read.
src/performance/performance-optimizer.ts(242,24): error TS2339: Property 'fixConnectionErrors' does not exist on type 'PerformanceOptimizer'.
src/performance/performance-optimizer.ts(254,24): error TS2339: Property 'fixQueryErrors' does not exist on type 'PerformanceOptimizer'.
src/performance/performance-optimizer.ts(266,24): error TS2339: Property 'fixFileErrors' does not exist on type 'PerformanceOptimizer'.
src/performance/performance-optimizer.ts(445,73): error TS2345: Argument of type 'any[]' is not assignable to parameter of type 'string'.
src/performance/performance-optimizer.ts(471,42): error TS6133: 'connection' is declared but its value is never read.
src/performance/performance-optimizer.ts(481,45): error TS2559: Type '{ min: number; max: number; idleTimeoutMillis: number; acquireTimeoutMillis: number; }' has no properties in common with type 'Partial<ConnectionManagerConfig>'.
src/performance/performance-optimizer.ts(598,17): error TS2794: Expected 1 arguments, but got 0. Did you forget to include 'void' in your type argument to 'Promise'?
src/performance/performance-optimizer.ts(644,14): error TS2339: Property 'batch' does not exist on type 'PerformanceOptimizer'.
src/performance/performance-optimizer.ts(646,18): error TS2339: Property 'batch' does not exist on type 'PerformanceOptimizer'.
src/performance/performance-optimizer.ts(646,39): error TS2339: Property 'batchSize' does not exist on type 'PerformanceOptimizer'.
src/performance/performance-optimizer.ts(647,16): error TS2339: Property 'flush' does not exist on type 'PerformanceOptimizer'.
src/performance/performance-optimizer.ts(648,26): error TS2339: Property 'timeoutId' does not exist on type 'PerformanceOptimizer'.
src/performance/performance-optimizer.ts(649,16): error TS2339: Property 'timeoutId' does not exist on type 'PerformanceOptimizer'.
src/performance/performance-optimizer.ts(649,50): error TS2339: Property 'flush' does not exist on type 'PerformanceOptimizer'.
src/performance/performance-optimizer.ts(649,64): error TS2339: Property 'batchTimeout' does not exist on type 'PerformanceOptimizer'.
src/performance/performance-optimizer.ts(654,18): error TS2339: Property 'batch' does not exist on type 'PerformanceOptimizer'.
src/performance/performance-optimizer.ts(655,16): error TS2339: Property 'processBatch' does not exist on type 'PerformanceOptimizer'.
src/performance/performance-optimizer.ts(655,34): error TS2339: Property 'batch' does not exist on type 'PerformanceOptimizer'.
src/performance/performance-optimizer.ts(656,16): error TS2339: Property 'batch' does not exist on type 'PerformanceOptimizer'.
src/performance/performance-optimizer.ts(658,18): error TS2339: Property 'timeoutId' does not exist on type 'PerformanceOptimizer'.
src/performance/performance-optimizer.ts(659,29): error TS2339: Property 'timeoutId' does not exist on type 'PerformanceOptimizer'.
src/performance/performance-optimizer.ts(660,16): error TS2339: Property 'timeoutId' does not exist on type 'PerformanceOptimizer'.
src/performance/performance-optimizer.ts(694,16): error TS2339: Property 'workers' does not exist on type 'PerformanceOptimizer'.
src/performance/performance-optimizer.ts(699,14): error TS2339: Property 'taskQueue' does not exist on type 'PerformanceOptimizer'.
src/performance/performance-optimizer.ts(700,14): error TS2339: Property 'distributeWork' does not exist on type 'PerformanceOptimizer'.
src/performance/performance-optimizer.ts(704,39): error TS2339: Property 'workers' does not exist on type 'PerformanceOptimizer'.
src/performance/performance-optimizer.ts(704,54): error TS7006: Parameter 'w' implicitly has an 'any' type.
src/performance/performance-optimizer.ts(707,20): error TS2339: Property 'taskQueue' does not exist on type 'PerformanceOptimizer'.
src/performance/performance-optimizer.ts(708,31): error TS2339: Property 'taskQueue' does not exist on type 'PerformanceOptimizer'.
src/performance/performance-optimizer.ts(723,32): error TS2339: Property 'currentSize' does not exist on type 'PerformanceOptimizer'.
src/performance/performance-optimizer.ts(723,51): error TS2339: Property 'maxSize' does not exist on type 'PerformanceOptimizer'.
src/performance/performance-optimizer.ts(724,16): error TS2339: Property 'currentSize' does not exist on type 'PerformanceOptimizer'.
src/performance/performance-optimizer.ts(724,44): error TS2339: Property 'currentSize' does not exist on type 'PerformanceOptimizer'.
src/performance/performance-optimizer.ts(724,66): error TS2339: Property 'maxSize' does not exist on type 'PerformanceOptimizer'.
src/performance/performance-optimizer.ts(725,39): error TS2339: Property 'currentSize' does not exist on type 'PerformanceOptimizer'.
src/performance/performance-optimizer.ts(725,58): error TS2339: Property 'minSize' does not exist on type 'PerformanceOptimizer'.
src/performance/performance-optimizer.ts(726,16): error TS2339: Property 'currentSize' does not exist on type 'PerformanceOptimizer'.
src/performance/performance-optimizer.ts(726,44): error TS2339: Property 'currentSize' does not exist on type 'PerformanceOptimizer'.
src/performance/performance-optimizer.ts(726,66): error TS2339: Property 'minSize' does not exist on type 'PerformanceOptimizer'.
src/performance/performance-optimizer.ts(751,16): error TS2339: Property 'samples' does not exist on type 'PerformanceOptimizer'.
src/performance/performance-optimizer.ts(753,20): error TS2339: Property 'samples' does not exist on type 'PerformanceOptimizer'.
src/performance/performance-optimizer.ts(754,18): error TS2339: Property 'samples' does not exist on type 'PerformanceOptimizer'.
src/performance/performance-optimizer.ts(757,16): error TS2339: Property 'checkMemoryLeaks' does not exist on type 'PerformanceOptimizer'.
src/performance/performance-optimizer.ts(758,17): error TS2339: Property 'checkInterval' does not exist on type 'PerformanceOptimizer'.
src/performance/performance-optimizer.ts(762,29): error TS2339: Property 'samples' does not exist on type 'PerformanceOptimizer'.
src/performance/performance-optimizer.ts(763,28): error TS2339: Property 'samples' does not exist on type 'PerformanceOptimizer'.
src/performance/performance-optimizer.ts(766,44): error TS7006: Parameter 'a' implicitly has an 'any' type.
src/performance/performance-optimizer.ts(766,47): error TS7006: Parameter 'b' implicitly has an 'any' type.
src/performance/performance-optimizer.ts(767,42): error TS7006: Parameter 'a' implicitly has an 'any' type.
src/performance/performance-optimizer.ts(767,45): error TS7006: Parameter 'b' implicitly has an 'any' type.
src/performance/performance-optimizer.ts(769,48): error TS2339: Property 'maxMemoryGrowth' does not exist on type 'PerformanceOptimizer'.
src/performance/performance-optimizer.ts(771,18): error TS2339: Property 'triggerGC' does not exist on type 'PerformanceOptimizer'.
src/performance/performance-optimizer.ts(788,14): error TS2339: Property 'weakReferences' does not exist on type 'PerformanceOptimizer'.
src/performance/performance-optimizer.ts(794,36): error TS2339: Property 'weakReferences' does not exist on type 'PerformanceOptimizer'.
src/performance/performance-optimizer.ts(796,20): error TS2339: Property 'weakReferences' does not exist on type 'PerformanceOptimizer'.
src/performance/performance-optimizer.ts(835,16): error TS2339: Property 'updateMetrics' does not exist on type 'PerformanceOptimizer'.
src/performance/performance-optimizer.ts(840,14): error TS2339: Property 'metrics' does not exist on type 'PerformanceOptimizer'.
src/performance/performance-optimizer.ts(841,14): error TS2339: Property 'metrics' does not exist on type 'PerformanceOptimizer'.
src/performance/performance-optimizer.ts(842,14): error TS2339: Property 'metrics' does not exist on type 'PerformanceOptimizer'.
src/performance/performance-optimizer.ts(864,18): error TS2339: Property 'l1' does not exist on type 'PerformanceOptimizer'.
src/performance/performance-optimizer.ts(864,43): error TS2339: Property 'l1' does not exist on type 'PerformanceOptimizer'.
src/performance/performance-optimizer.ts(865,18): error TS2339: Property 'l2' does not exist on type 'PerformanceOptimizer'.
src/performance/performance-optimizer.ts(865,43): error TS2339: Property 'l2' does not exist on type 'PerformanceOptimizer'.
src/performance/performance-optimizer.ts(866,18): error TS2339: Property 'l3' does not exist on type 'PerformanceOptimizer'.
src/performance/performance-optimizer.ts(866,43): error TS2339: Property 'l3' does not exist on type 'PerformanceOptimizer'.
src/performance/performance-optimizer.ts(870,38): error TS6133: 'ttl' is declared but its value is never read.
src/performance/performance-optimizer.ts(871,14): error TS2339: Property 'l1' does not exist on type 'PerformanceOptimizer'.
src/performance/performance-optimizer.ts(879,22): error TS2314: Generic type 'Map<K, V>' requires 2 type argument(s).
src/performance/performance-optimizer.ts(885,15): error TS6133: 'cache' is declared but its value is never read.
src/performance/performance-optimizer.ts(885,22): error TS2314: Generic type 'Map<K, V>' requires 2 type argument(s).
src/performance/performance-optimizer.ts(885,27): error TS6133: 'maxSize' is declared but its value is never read.
src/performance/performance-optimizer.ts(888,16): error TS6133: 'cache' is declared but its value is never read.
src/performance/performance-optimizer.ts(888,23): error TS2314: Generic type 'Map<K, V>' requires 2 type argument(s).
src/performance/performance-optimizer.ts(888,28): error TS6133: 'maxSize' is declared but its value is never read.
src/performance/performance-optimizer.ts(894,36): error TS2559: Type '{ l1: Map<any, any>; l2: Map<any, any>; l3: Map<any, any>; get: (key: string) => any; set: (key: string, value: any, ttl?: number) => void; }' has no properties in common with type 'Partial<CacheConfig>'.
src/performance/performance-optimizer.ts(910,18): error TS2339: Property 'resources' does not exist on type 'PerformanceOptimizer'.
src/performance/performance-optimizer.ts(911,23): error TS2339: Property 'resources' does not exist on type 'PerformanceOptimizer'.
src/performance/performance-optimizer.ts(914,18): error TS2339: Property 'resources' does not exist on type 'PerformanceOptimizer'.
src/performance/performance-optimizer.ts(914,41): error TS2339: Property 'maxResources' does not exist on type 'PerformanceOptimizer'.
src/performance/performance-optimizer.ts(918,31): error TS2339: Property 'createResource' does not exist on type 'PerformanceOptimizer'.
src/performance/performance-optimizer.ts(919,14): error TS2339: Property 'resources' does not exist on type 'PerformanceOptimizer'.
src/performance/performance-optimizer.ts(924,14): error TS2339: Property 'resources' does not exist on type 'PerformanceOptimizer'.
src/performance/performance-optimizer.ts(939,16): error TS2339: Property 'updateResourceMetrics' does not exist on type 'PerformanceOptimizer'.
src/performance/performance-optimizer.ts(944,14): error TS2339: Property 'metrics' does not exist on type 'PerformanceOptimizer'.
src/performance/performance-optimizer.ts(945,14): error TS2339: Property 'metrics' does not exist on type 'PerformanceOptimizer'.
src/performance/performance-optimizer.ts(946,14): error TS2339: Property 'metrics' does not exist on type 'PerformanceOptimizer'.
src/performance/performance-optimizer.ts(947,14): error TS2339: Property 'metrics' does not exist on type 'PerformanceOptimizer'.
src/performance/performance-optimizer.ts(971,24): error TS2339: Property 'memory' does not exist on type 'Performance'.
src/performance/performance-optimizer.ts(971,45): error TS2339: Property 'memory' does not exist on type 'Performance'.
src/performance/performance-optimizer.ts(1002,12): error TS7053: Element implicitly has an 'any' type because expression of type 'string' can't be used to index type '{ critical: number; high: number; medium: number; low: number; }'.
  No index signature with a parameter of type 'string' was found on type '{ critical: number; high: number; medium: number; low: number; }'.
src/performance/performance-tester.ts(17,11): error TS6133: 'healthChecker' is declared but its value is never read.
src/performance/performance-tester.ts(18,11): error TS6133: 'performanceMonitor' is declared but its value is never read.
src/performance/performance-tester.ts(21,11): error TS6133: 'queryOptimizer' is declared but its value is never read.
src/performance/performance-tester.ts(37,26): error TS2554: Expected 1 arguments, but got 0.
src/performance/performance-tester.ts(114,13): error TS6133: 'result' is declared but its value is never read.
src/performance/performance-tester.ts(137,9): error TS2322: Type 'number[]' is not assignable to type 'number'.
src/performance/performance-tester.ts(140,33): error TS18048: 'config.expectedResponseTime' is possibly 'undefined'.
src/performance/performance-tester.ts(201,30): error TS18048: 'config.expectedDbResponseTime' is possibly 'undefined'.
src/performance/performance-tester.ts(270,38): error TS18048: 'config.expectedFileResponseTime' is possibly 'undefined'.
src/performance/performance-tester.ts(295,34): error TS2551: Property 'getSystemStatus' does not exist on type 'CoreService'. Did you mean 'getSystemAlerts'?
src/performance/performance-tester.ts(324,41): error TS18048: 'config.concurrentRequests' is possibly 'undefined'.
src/performance/performance-tester.ts(326,28): error TS18048: 'config.expectedApiResponseTime' is possibly 'undefined'.
src/performance/performance-tester.ts(330,44): error TS18048: 'config.concurrentRequests' is possibly 'undefined'.
src/performance/performance-tester.ts(348,31): error TS6133: 'message' is declared but its value is never read.
src/performance/performance-tester.ts(368,26): error TS2551: Property 'unsubscribe' does not exist on type 'DataCollector'. Did you mean 'subscribe'?
src/performance/performance-tester.ts(391,39): error TS18048: 'config.expectedMessagesPerSecond' is possibly 'undefined'.
src/performance/performance-tester.ts(437,36): error TS18048: 'config.expectedConcurrencyTime' is possibly 'undefined'.
src/performance/performance-tester.ts(483,13): error TS6133: 'memoryIncrease' is declared but its value is never read.
src/performance/performance-tester.ts(506,34): error TS18048: 'config.expectedMemoryGrowthRate' is possibly 'undefined'.
src/performance/performance-tester.ts(534,47): error TS6133: 'config' is declared but its value is never read.
src/performance/performance-tester.ts(540,13): error TS6133: 'sum' is declared but its value is never read.
src/performance/performance-tester.ts(553,34): error TS2554: Expected 1 arguments, but got 0.
src/performance/performance-tester.ts(561,101): error TS2345: Argument of type '(string | number)[]' is not assignable to parameter of type 'string'.
src/performance/performance-tester.ts(604,11): error TS6133: 'results' is declared but its value is never read.
src/performance/performance-tester.ts(609,26): error TS2551: Property 'getSystemStatus' does not exist on type 'CoreService'. Did you mean 'getSystemAlerts'?
src/performance/performance-tester.ts(616,11): error TS6133: 'concurrentResults' is declared but its value is never read.
src/performance/performance-tester.ts(622,36): error TS6133: 'concurrency' is declared but its value is never read.
src/performance/performance-tester.ts(627,26): error TS2551: Property 'getSystemStatus' does not exist on type 'CoreService'. Did you mean 'getSystemAlerts'?
src/performance/performance-tester.ts(647,38): error TS7006: Parameter 'item' implicitly has an 'any' type.
src/performance/performance-tester.ts(654,24): error TS2339: Property 'memory' does not exist on type 'Performance'.
src/performance/performance-tester.ts(654,45): error TS2339: Property 'memory' does not exist on type 'Performance'.
src/performance/performance-tester.ts(708,25): error TS2339: Property 'deviceMemory' does not exist on type 'Navigator'.
src/performance/performance-utils.ts(6,42): error TS6133: 'PerformanceReport' is declared but its value is never read.
src/performance/performance-utils.ts(105,7): error TS2353: Object literal may only specify known properties, and 'timestamp' does not exist in type 'PerformanceMetrics'.
src/routes/AppStore.tsx(3,10): error TS2614: Module '"@/api"' has no exported member 'apiGet'. Did you mean to use 'import apiGet from "@/api"' instead?
src/routes/AppStore.tsx(3,18): error TS2614: Module '"@/api"' has no exported member 'apiPost'. Did you mean to use 'import apiPost from "@/api"' instead?
src/routes/DirProtect.tsx(3,10): error TS2614: Module '"@/api"' has no exported member 'apiGet'. Did you mean to use 'import apiGet from "@/api"' instead?
src/routes/DirProtect.tsx(3,18): error TS2614: Module '"@/api"' has no exported member 'apiPost'. Did you mean to use 'import apiPost from "@/api"' instead?
src/routes/Login.tsx(81,17): error TS2339: Property 'code' does not exist on type 'ApiError'.
src/routes/Login.tsx(82,34): error TS2339: Property 'retryAfter' does not exist on type 'ApiError'.
src/routes/Login.tsx(82,52): error TS2339: Property 'retryAfter' does not exist on type 'ApiError'.
src/routes/Login.tsx(82,73): error TS2339: Property 'retryAfter' does not exist on type 'ApiError'.
src/routes/Login.tsx(93,17): error TS2339: Property 'code' does not exist on type 'ApiError'.
src/routes/Login.tsx(100,17): error TS2339: Property 'code' does not exist on type 'ApiError'.
src/routes/Login.tsx(107,17): error TS2339: Property 'code' does not exist on type 'ApiError'.
src/routes/Login.tsx(114,17): error TS2339: Property 'code' does not exist on type 'ApiError'.
src/routes/ShareLinks.tsx(3,10): error TS2614: Module '"@/api"' has no exported member 'apiGet'. Did you mean to use 'import apiGet from "@/api"' instead?
src/routes/ShareLinks.tsx(3,18): error TS2614: Module '"@/api"' has no exported member 'apiPost'. Did you mean to use 'import apiPost from "@/api"' instead?
